// Jest Snapshot v1, https://goo.gl/fbAQLP

exports[`CommonComponent  should render CommonComponent 1`] = `
<div
  className="common_title"
>
  netflixroulette
</div>
`;
