// Jest Snapshot v1, https://goo.gl/fbAQLP

exports[`<Layout /> should render Layout Component 1`] = `
<Container>
  <CommonComponent />
</Container>
`;
